
=================================== ERRORS ====================================
_____________________ ERROR collecting tests/test_api.py ______________________
tests\test_api.py:4: in <module>
    from app.main import create_app
app\main.py:8: in <module>
    from app.api.routes import chat, speech, ws
app\api\routes\__init__.py:1: in <module>
    from app.api.routes import chat, speech, ws
app\api\routes\speech.py:16: in <module>
    @router.post("/stt", response_model=TranscriptResponse)
     ^^^^^^^^^^^^^^^^^^^^^^^^^^^^^^^^^^^^^^^^^^^^^^^^^^^^^^
..\..\..\AppData\Local\Python\pythoncore-3.14-64\Lib\site-packages\fastapi\routing.py:2953: in decorator
    self.add_api_route(
..\..\..\AppData\Local\Python\pythoncore-3.14-64\Lib\site-packages\fastapi\routing.py:2888: in add_api_route
    route = route_class(
..\..\..\AppData\Local\Python\pythoncore-3.14-64\Lib\site-packages\fastapi\routing.py:1178: in __init__
    _populate_api_route_state(
..\..\..\AppData\Local\Python\pythoncore-3.14-64\Lib\site-packages\fastapi\routing.py:1088: in _populate_api_route_state
    ) = _build_dependant_with_parameterless_dependencies(
..\..\..\AppData\Local\Python\pythoncore-3.14-64\Lib\site-packages\fastapi\routing.py:845: in _build_dependant_with_parameterless_dependencies
    dependant = get_dependant(path=path, call=call, scope="function")
                ^^^^^^^^^^^^^^^^^^^^^^^^^^^^^^^^^^^^^^^^^^^^^^^^^^^^^
..\..\..\AppData\Local\Python\pythoncore-3.14-64\Lib\site-packages\fastapi\dependencies\utils.py:311: in get_dependant
    param_details = analyze_param(
..\..\..\AppData\Local\Python\pythoncore-3.14-64\Lib\site-packages\fastapi\dependencies\utils.py:535: in analyze_param
    ensure_multipart_is_installed()
..\..\..\AppData\Local\Python\pythoncore-3.14-64\Lib\site-packages\fastapi\dependencies\utils.py:120: in ensure_multipart_is_installed
    raise RuntimeError(multipart_not_installed_error) from None
E   RuntimeError: Form data requires "python-multipart" to be installed. 
E   You can install "python-multipart" with: 
E   
E   pip install python-multipart
============================== warnings summary ===============================
..\..\..\AppData\Local\Python\pythoncore-3.14-64\Lib\site-packages\fastapi\testclient.py:1
  C:\Users\HDD BANK AMIN\AppData\Local\Python\pythoncore-3.14-64\Lib\site-packages\fastapi\testclient.py:1: StarletteDeprecationWarning: Using `httpx` with `starlette.testclient` is deprecated; install `httpx2` instead.
    from starlette.testclient import TestClient as TestClient  # noqa

-- Docs: https://docs.pytest.org/en/stable/how-to/capture-warnings.html
=========================== short test summary info ===========================
ERROR tests/test_api.py - RuntimeError: Form data requires "python-multipart"...
!!!!!!!!!!!!!!!!!!! Interrupted: 1 error during collection !!!!!!!!!!!!!!!!!!!!
1 warning, 1 error in 4.17s
